{
  "version": "1.5.0",
  "plugins_used": [
    {
      "name": "ArtifactoryDetector"
    },
    {
      "name": "AWSKeyDetector"
    },
    {
      "name": "AzureStorageKeyDetector"
    },
    {
      "name": "Base64HighEntropyString",
      "limit": 4.5
    },
    {
      "name": "BasicAuthDetector"
    },
    {
      "name": "CloudantDetector"
    },
    {
      "name": "DiscordBotTokenDetector"
    },
    {
      "name": "GitHubTokenDetector"
    },
    {
      "name": "GitLabTokenDetector"
    },
    {
      "name": "HexHighEntropyString",
      "limit": 3.0
    },
    {
      "name": "IbmCloudIamDetector"
    },
    {
      "name": "IbmCosHmacDetector"
    },
    {
      "name": "IPPublicDetector"
    },
    {
      "name": "JwtTokenDetector"
    },
    {
      "name": "KeywordDetector",
      "keyword_exclude": ""
    },
    {
      "name": "MailchimpDetector"
    },
    {
      "name": "NpmDetector"
    },
    {
      "name": "OpenAIDetector"
    },
    {
      "name": "PrivateKeyDetector"
    },
    {
      "name": "PypiTokenDetector"
    },
    {
      "name": "SendGridDetector"
    },
    {
      "name": "SlackDetector"
    },
    {
      "name": "SoftlayerDetector"
    },
    {
      "name": "SquareOAuthDetector"
    },
    {
      "name": "StripeDetector"
    },
    {
      "name": "TelegramBotTokenDetector"
    },
    {
      "name": "TwilioKeyDetector"
    }
  ],
  "filters_used": [
    {
      "path": "detect_secrets.filters.allowlist.is_line_allowlisted"
    },
    {
      "path": "detect_secrets.filters.common.is_ignored_due_to_verification_policies",
      "min_level": 2
    },
    {
      "path": "detect_secrets.filters.heuristic.is_indirect_reference"
    },
    {
      "path": "detect_secrets.filters.heuristic.is_likely_id_string"
    },
    {
      "path": "detect_secrets.filters.heuristic.is_lock_file"
    },
    {
      "path": "detect_secrets.filters.heuristic.is_not_alphanumeric_string"
    },
    {
      "path": "detect_secrets.filters.heuristic.is_potential_uuid"
    },
    {
      "path": "detect_secrets.filters.heuristic.is_prefixed_with_dollar_sign"
    },
    {
      "path": "detect_secrets.filters.heuristic.is_sequential_string"
    },
    {
      "path": "detect_secrets.filters.heuristic.is_swagger_file"
    },
    {
      "path": "detect_secrets.filters.heuristic.is_templated_secret"
    }
  ],
  "results": {
    "docs\\DOCKER.md": [
      {
        "type": "Secret Keyword",
        "filename": "docs\\DOCKER.md",
        "hashed_secret": "c9f4fd32911df5af632c001d6c9aaf7c7c049746",
        "is_verified": false,
        "line_number": 40
      }
    ],
    "tests\\brain\\test_planner.py": [
      {
        "type": "Secret Keyword",
        "filename": "tests\\brain\\test_planner.py",
        "hashed_secret": "c053ecf9ed41df0311b9df13cc6c3b6078d2d3c2",
        "is_verified": false,
        "line_number": 330
      }
    ],
    "tests\\observability\\test_logger.py": [
      {
        "type": "Secret Keyword",
        "filename": "tests\\observability\\test_logger.py",
        "hashed_secret": "f3bbbd66a63d4bf1747940578ec3d0103530e21d",
        "is_verified": false,
        "line_number": 16
      },
      {
        "type": "Secret Keyword",
        "filename": "tests\\observability\\test_logger.py",
        "hashed_secret": "fb0123cbab73d8a58896fbe39b8b7b5b6df15c5e",
        "is_verified": false,
        "line_number": 28
      },
      {
        "type": "Secret Keyword",
        "filename": "tests\\observability\\test_logger.py",
        "hashed_secret": "0c731a5f1dc781894b434c27b9f6a9cd9d9bdfcb",
        "is_verified": false,
        "line_number": 67
      }
    ],
    "tests\\test_setup_wizard_logic.py": [
      {
        "type": "Base64 High Entropy String",
        "filename": "tests\\test_setup_wizard_logic.py",
        "hashed_secret": "4f5cc1b87947c1a8a6f655e5a7c4fc5f8cd6e31a",
        "is_verified": false,
        "line_number": 15
      }
    ]
  },
  "generated_at": "2026-08-15T12:47:39Z"
}
